     1                                  extern printf
     2                                  extern scanf
     3                                  
     4                                  global _start
     5                                  
     6                                  section .text
     7                                  
     8                                  _start:
     9                                  
    10                                      ; jmp 76
    11 00000000 E9(83010000)                jmp 0x183                                               ; 00000000
    12                                  
    13                                      ; push rbx
    14 00000005 4883EC08                    sub rsp, 0x8                                            ; 00000005
    15 00000009 F20F111C24                  movsd [rsp], xmm3                                       ; 00000009
    16                                  
    17                                      ; push 0
    18 0000000E 48B800000000000000-         mov rax, strict qword 0x0                               ; 0000000e
    18 00000017 00                 
    19 00000018 50                          push rax                                                ; 00000017
    20                                  
    21                                      ; je 187
    22 00000019 F20F100424                  movsd xmm0, [rsp]                                       ; 00000018
    23 0000001E 4883C408                    add rsp, 0x8                                            ; 0000001d
    24 00000022 F20F100C24                  movsd xmm1, [rsp]                                       ; 00000021
    25 00000027 4883C408                    add rsp, 0x8                                            ; 00000026
    26 0000002B 660F2FC1                    comisd xmm0, xmm1                                       ; 0000002a
    27 0000002F 0F84(D7FFFFFF)              je 0xffffffd7                                           ; 0000002e
    28                                  
    29                                      ; push 0
    30 00000035 48B800000000000000-         mov rax, strict qword 0x0                               ; 00000034
    30 0000003E 00                 
    31 0000003F 50                          push rax                                                ; 0000003d
    32                                  
    33                                      ; push rcx
    34 00000040 4883EC08                    sub rsp, 0x8                                            ; 0000003e
    35 00000044 F20F112424                  movsd [rsp], xmm4                                       ; 00000042
    36                                  
    37                                      ; sub
    38 00000049 F20F100424                  movsd xmm0, [rsp]                                       ; 00000047
    39 0000004E 4883C408                    add rsp, 0x8                                            ; 0000004c
    40 00000052 F20F100C24                  movsd xmm1, [rsp]                                       ; 00000050
    41 00000057 4883C408                    add rsp, 0x8                                            ; 00000055
    42 0000005B F20F5CC1                    subsd xmm0, xmm1                                        ; 00000059
    43 0000005F 4883EC08                    sub rsp, 0x8                                            ; 0000005d
    44 00000063 F20F110424                  movsd [rsp], xmm0                                       ; 00000061
    45                                  
    46                                      ; push rbx
    47 00000068 4883EC08                    sub rsp, 0x8                                            ; 00000066
    48 0000006C F20F111C24                  movsd [rsp], xmm3                                       ; 0000006a
    49                                  
    50                                      ; div
    51 00000071 F20F100424                  movsd xmm0, [rsp]                                       ; 0000006f
    52 00000076 4883C408                    add rsp, 0x8                                            ; 00000074
    53 0000007A F20F100C24                  movsd xmm1, [rsp]                                       ; 00000078
    54 0000007F 4883C408                    add rsp, 0x8                                            ; 0000007d
    55 00000083 F20F5EC1                    divsd xmm0, xmm1                                        ; 00000081
    56 00000087 4883EC08                    sub rsp, 0x8                                            ; 00000085
    57 0000008B F20F110424                  movsd [rsp], xmm0                                       ; 00000089
    58                                  
    59                                      ; out
    60 00000090 4883EC08                    sub rsp, 0x8                                            ; 0000008e
    61 00000094 48BF-                       mov rdi, fmt_string                                     ; 00000092
    61 00000096 [0000000000000000] 
    62 0000009E F20F100424                  movsd xmm0, [rsp]                                       ; 0000009b
    63 000000A3 4883C408                    add rsp, 0x8                                            ; 000000a0
    64 000000A7 48B8-                       mov rax, printf                                         ; 000000a4
    64 000000A9 [0000000000000000] 
    65 000000B1 FFD0                        call rax                                                ; 000000ad
    66                                  
    67                                      ; jmp 187
    68 000000B3 E9(56FFFFFF)                jmp 0xffffff56                                          ; 000000af
    69                                  
    70                                      ; push rbx
    71 000000B8 4883EC08                    sub rsp, 0x8                                            ; 000000b4
    72 000000BC F20F111C24                  movsd [rsp], xmm3                                       ; 000000b8
    73                                  
    74                                      ; push rbx
    75 000000C1 4883EC08                    sub rsp, 0x8                                            ; 000000bd
    76 000000C5 F20F111C24                  movsd [rsp], xmm3                                       ; 000000c1
    77                                  
    78                                      ; mul
    79 000000CA F20F100424                  movsd xmm0, [rsp]                                       ; 000000c6
    80 000000CF 4883C408                    add rsp, 0x8                                            ; 000000cb
    81 000000D3 F20F100C24                  movsd xmm1, [rsp]                                       ; 000000cf
    82 000000D8 4883C408                    add rsp, 0x8                                            ; 000000d4
    83 000000DC F20F59C1                    mulsd xmm0, xmm1                                        ; 000000d8
    84 000000E0 4883EC08                    sub rsp, 0x8                                            ; 000000dc
    85 000000E4 F20F110424                  movsd [rsp], xmm0                                       ; 000000e0
    86                                  
    87                                      ; push rax
    88 000000E9 4883EC08                    sub rsp, 0x8                                            ; 000000e5
    89 000000ED F20F111424                  movsd [rsp], xmm2                                       ; 000000e9
    90                                  
    91                                      ; push rcx
    92 000000F2 4883EC08                    sub rsp, 0x8                                            ; 000000ee
    93 000000F6 F20F112424                  movsd [rsp], xmm4                                       ; 000000f2
    94                                  
    95                                      ; mul
    96 000000FB F20F100424                  movsd xmm0, [rsp]                                       ; 000000f7
    97 00000100 4883C408                    add rsp, 0x8                                            ; 000000fc
    98 00000104 F20F100C24                  movsd xmm1, [rsp]                                       ; 00000100
    99 00000109 4883C408                    add rsp, 0x8                                            ; 00000105
   100 0000010D F20F59C1                    mulsd xmm0, xmm1                                        ; 00000109
   101 00000111 4883EC08                    sub rsp, 0x8                                            ; 0000010d
   102 00000115 F20F110424                  movsd [rsp], xmm0                                       ; 00000111
   103                                  
   104                                      ; push 4
   105 0000011A 48B800000000000010-         mov rax, strict qword 0x4010000000000000                ; 00000116
   105 00000123 40                 
   106 00000124 50                          push rax                                                ; 0000011f
   107                                  
   108                                      ; mul
   109 00000125 F20F100424                  movsd xmm0, [rsp]                                       ; 00000120
   110 0000012A 4883C408                    add rsp, 0x8                                            ; 00000125
   111 0000012E F20F100C24                  movsd xmm1, [rsp]                                       ; 00000129
   112 00000133 4883C408                    add rsp, 0x8                                            ; 0000012e
   113 00000137 F20F59C1                    mulsd xmm0, xmm1                                        ; 00000132
   114 0000013B 4883EC08                    sub rsp, 0x8                                            ; 00000136
   115 0000013F F20F110424                  movsd [rsp], xmm0                                       ; 0000013a
   116                                  
   117                                      ; sub
   118 00000144 F20F100424                  movsd xmm0, [rsp]                                       ; 0000013f
   119 00000149 4883C408                    add rsp, 0x8                                            ; 00000144
   120 0000014D F20F100C24                  movsd xmm1, [rsp]                                       ; 00000148
   121 00000152 4883C408                    add rsp, 0x8                                            ; 0000014d
   122 00000156 F20F5CC1                    subsd xmm0, xmm1                                        ; 00000151
   123 0000015A 4883EC08                    sub rsp, 0x8                                            ; 00000155
   124 0000015E F20F110424                  movsd [rsp], xmm0                                       ; 00000159
   125                                  
   126                                      ; ret
   127 00000163 C3                          ret                                                     ; 0000015e
   128                                  
   129                                      ; in
   130 00000164 4883EC08                    sub rsp, 0x8                                            ; 0000015f
   131 00000168 48BF-                       mov rdi, fmt_string                                     ; 00000163
   131 0000016A [0000000000000000] 
   132 00000172 4889E6                      mov rsi, rsp                                            ; 0000016c
   133 00000175 48B8-                       mov rax, scanf                                          ; 00000175
   133 00000177 [0000000000000000] 
   134 0000017F FFD0                        call rax                                                ; 0000017e
   135                                  
   136                                      ; pop rax
   137 00000181 F20F101424                  movsd xmm2, [rsp]                                       ; 00000180
   138 00000186 4883C408                    add rsp, 0x8                                            ; 00000185
   139                                  
   140                                      ; in
   141 0000018A 4883EC08                    sub rsp, 0x8                                            ; 00000189
   142 0000018E 48BF-                       mov rdi, fmt_string                                     ; 0000018d
   142 00000190 [0000000000000000] 
   143 00000198 4889E6                      mov rsi, rsp                                            ; 00000196
   144 0000019B 48B8-                       mov rax, scanf                                          ; 0000019f
   144 0000019D [0000000000000000] 
   145 000001A5 FFD0                        call rax                                                ; 000001a8
   146                                  
   147                                      ; pop rbx
   148 000001A7 F20F101C24                  movsd xmm3, [rsp]                                       ; 000001aa
   149 000001AC 4883C408                    add rsp, 0x8                                            ; 000001af
   150                                  
   151                                      ; in
   152 000001B0 4883EC08                    sub rsp, 0x8                                            ; 000001b3
   153 000001B4 48BF-                       mov rdi, fmt_string                                     ; 000001b7
   153 000001B6 [0000000000000000] 
   154 000001BE 4889E6                      mov rsi, rsp                                            ; 000001c0
   155 000001C1 48B8-                       mov rax, scanf                                          ; 000001c9
   155 000001C3 [0000000000000000] 
   156 000001CB FFD0                        call rax                                                ; 000001d2
   157                                  
   158                                      ; pop rcx
   159 000001CD F20F102424                  movsd xmm4, [rsp]                                       ; 000001d4
   160 000001D2 4883C408                    add rsp, 0x8                                            ; 000001d9
   161                                  
   162                                      ; push rax
   163 000001D6 4883EC08                    sub rsp, 0x8                                            ; 000001dd
   164 000001DA F20F111424                  movsd [rsp], xmm2                                       ; 000001e1
   165                                  
   166                                      ; push 0
   167 000001DF 48B800000000000000-         mov rax, strict qword 0x0                               ; 000001e6
   167 000001E8 00                 
   168 000001E9 50                          push rax                                                ; 000001ef
   169                                  
   170                                      ; je 9
   171 000001EA F20F100424                  movsd xmm0, [rsp]                                       ; 000001f0
   172 000001EF 4883C408                    add rsp, 0x8                                            ; 000001f5
   173 000001F3 F20F100C24                  movsd xmm1, [rsp]                                       ; 000001f9
   174 000001F8 4883C408                    add rsp, 0x8                                            ; 000001fe
   175 000001FC 660F2FC1                    comisd xmm0, xmm1                                       ; 00000202
   176 00000200 0F84(08FEFFFF)              je 0xfffffe08                                           ; 00000206
   177                                  
   178                                      ; call 54
   179 00000206 E8(B1FEFFFF)                call 0xfffffeb1                                         ; 0000020c
   180                                  
   181                                      ; pop rdx
   182 0000020B F20F102C24                  movsd xmm5, [rsp]                                       ; 00000211
   183 00000210 4883C408                    add rsp, 0x8                                            ; 00000216
   184                                  
   185                                      ; push rdx
   186 00000214 4883EC08                    sub rsp, 0x8                                            ; 0000021a
   187 00000218 F20F112C24                  movsd [rsp], xmm5                                       ; 0000021e
   188                                  
   189                                      ; push 0
   190 0000021D 48B800000000000000-         mov rax, strict qword 0x0                               ; 00000223
   190 00000226 00                 
   191 00000227 50                          push rax                                                ; 0000022c
   192                                  
   193                                      ; ja 187
   194 00000228 F20F100424                  movsd xmm0, [rsp]                                       ; 0000022d
   195 0000022D 4883C408                    add rsp, 0x8                                            ; 00000232
   196 00000231 F20F100C24                  movsd xmm1, [rsp]                                       ; 00000236
   197 00000236 4883C408                    add rsp, 0x8                                            ; 0000023b
   198 0000023A 660F2FC1                    comisd xmm0, xmm1                                       ; 0000023f
   199 0000023E 0F87(C2FDFFFF)              ja 0xfffffdc2                                           ; 00000243
   200                                  
   201                                      ; push rdx
   202 00000244 4883EC08                    sub rsp, 0x8                                            ; 00000249
   203 00000248 F20F112C24                  movsd [rsp], xmm5                                       ; 0000024d
   204                                  
   205                                      ; sqrt
   206 0000024D F20F100C24                  movsd xmm1, [rsp]                                       ; 00000252
   207 00000252 F20F51C1                    sqrtsd xmm0, xmm1                                       ; 00000257
   208 00000256 F20F110424                  movsd [rsp], xmm0                                       ; 0000025b
   209                                  
   210                                      ; pop rdx
   211 0000025B F20F102C24                  movsd xmm5, [rsp]                                       ; 00000260
   212 00000260 4883C408                    add rsp, 0x8                                            ; 00000265
   213                                  
   214                                      ; push rdx
   215 00000264 4883EC08                    sub rsp, 0x8                                            ; 00000269
   216 00000268 F20F112C24                  movsd [rsp], xmm5                                       ; 0000026d
   217                                  
   218                                      ; push rbx
   219 0000026D 4883EC08                    sub rsp, 0x8                                            ; 00000272
   220 00000271 F20F111C24                  movsd [rsp], xmm3                                       ; 00000276
   221                                  
   222                                      ; push -1
   223 00000276 48B8000000000000F0-         mov rax, strict qword 0xbff0000000000000                ; 0000027b
   223 0000027F BF                 
   224 00000280 50                          push rax                                                ; 00000284
   225                                  
   226                                      ; mul
   227 00000281 F20F100424                  movsd xmm0, [rsp]                                       ; 00000285
   228 00000286 4883C408                    add rsp, 0x8                                            ; 0000028a
   229 0000028A F20F100C24                  movsd xmm1, [rsp]                                       ; 0000028e
   230 0000028F 4883C408                    add rsp, 0x8                                            ; 00000293
   231 00000293 F20F59C1                    mulsd xmm0, xmm1                                        ; 00000297
   232 00000297 4883EC08                    sub rsp, 0x8                                            ; 0000029b
   233 0000029B F20F110424                  movsd [rsp], xmm0                                       ; 0000029f
   234                                  
   235                                      ; pop rcx
   236 000002A0 F20F102424                  movsd xmm4, [rsp]                                       ; 000002a4
   237 000002A5 4883C408                    add rsp, 0x8                                            ; 000002a9
   238                                  
   239                                      ; push rcx
   240 000002A9 4883EC08                    sub rsp, 0x8                                            ; 000002ad
   241 000002AD F20F112424                  movsd [rsp], xmm4                                       ; 000002b1
   242                                  
   243                                      ; add
   244 000002B2 F20F100424                  movsd xmm0, [rsp]                                       ; 000002b6
   245 000002B7 4883C408                    add rsp, 0x8                                            ; 000002bb
   246 000002BB F20F100C24                  movsd xmm1, [rsp]                                       ; 000002bf
   247 000002C0 4883C408                    add rsp, 0x8                                            ; 000002c4
   248 000002C4 F20F58C1                    addsd xmm0, xmm1                                        ; 000002c8
   249 000002C8 4883EC08                    sub rsp, 0x8                                            ; 000002cc
   250 000002CC F20F110424                  movsd [rsp], xmm0                                       ; 000002d0
   251                                  
   252                                      ; push 2
   253 000002D1 48B800000000000000-         mov rax, strict qword 0x4000000000000000                ; 000002d5
   253 000002DA 40                 
   254 000002DB 50                          push rax                                                ; 000002de
   255                                  
   256                                      ; push rax
   257 000002DC 4883EC08                    sub rsp, 0x8                                            ; 000002df
   258 000002E0 F20F111424                  movsd [rsp], xmm2                                       ; 000002e3
   259                                  
   260                                      ; mul
   261 000002E5 F20F100424                  movsd xmm0, [rsp]                                       ; 000002e8
   262 000002EA 4883C408                    add rsp, 0x8                                            ; 000002ed
   263 000002EE F20F100C24                  movsd xmm1, [rsp]                                       ; 000002f1
   264 000002F3 4883C408                    add rsp, 0x8                                            ; 000002f6
   265 000002F7 F20F59C1                    mulsd xmm0, xmm1                                        ; 000002fa
   266 000002FB 4883EC08                    sub rsp, 0x8                                            ; 000002fe
   267 000002FF F20F110424                  movsd [rsp], xmm0                                       ; 00000302
   268                                  
   269                                      ; pop rax
   270 00000304 F20F101424                  movsd xmm2, [rsp]                                       ; 00000307
   271 00000309 4883C408                    add rsp, 0x8                                            ; 0000030c
   272                                  
   273                                      ; push rax
   274 0000030D 4883EC08                    sub rsp, 0x8                                            ; 00000310
   275 00000311 F20F111424                  movsd [rsp], xmm2                                       ; 00000314
   276                                  
   277                                      ; div
   278 00000316 F20F100424                  movsd xmm0, [rsp]                                       ; 00000319
   279 0000031B 4883C408                    add rsp, 0x8                                            ; 0000031e
   280 0000031F F20F100C24                  movsd xmm1, [rsp]                                       ; 00000322
   281 00000324 4883C408                    add rsp, 0x8                                            ; 00000327
   282 00000328 F20F5EC1                    divsd xmm0, xmm1                                        ; 0000032b
   283 0000032C 4883EC08                    sub rsp, 0x8                                            ; 0000032f
   284 00000330 F20F110424                  movsd [rsp], xmm0                                       ; 00000333
   285                                  
   286                                      ; out
   287 00000335 4883EC08                    sub rsp, 0x8                                            ; 00000338
   288 00000339 48BF-                       mov rdi, fmt_string                                     ; 0000033c
   288 0000033B [0000000000000000] 
   289 00000343 F20F100424                  movsd xmm0, [rsp]                                       ; 00000345
   290 00000348 4883C408                    add rsp, 0x8                                            ; 0000034a
   291 0000034C 48B8-                       mov rax, printf                                         ; 0000034e
   291 0000034E [0000000000000000] 
   292 00000356 FFD0                        call rax                                                ; 00000357
   293                                  
   294                                      ; push rcx
   295 00000358 4883EC08                    sub rsp, 0x8                                            ; 00000359
   296 0000035C F20F112424                  movsd [rsp], xmm4                                       ; 0000035d
   297                                  
   298                                      ; push rdx
   299 00000361 4883EC08                    sub rsp, 0x8                                            ; 00000362
   300 00000365 F20F112C24                  movsd [rsp], xmm5                                       ; 00000366
   301                                  
   302                                      ; sub
   303 0000036A F20F100424                  movsd xmm0, [rsp]                                       ; 0000036b
   304 0000036F 4883C408                    add rsp, 0x8                                            ; 00000370
   305 00000373 F20F100C24                  movsd xmm1, [rsp]                                       ; 00000374
   306 00000378 4883C408                    add rsp, 0x8                                            ; 00000379
   307 0000037C F20F5CC1                    subsd xmm0, xmm1                                        ; 0000037d
   308 00000380 4883EC08                    sub rsp, 0x8                                            ; 00000381
   309 00000384 F20F110424                  movsd [rsp], xmm0                                       ; 00000385
   310                                  
   311                                      ; push rax
   312 00000389 4883EC08                    sub rsp, 0x8                                            ; 0000038a
   313 0000038D F20F111424                  movsd [rsp], xmm2                                       ; 0000038e
   314                                  
   315                                      ; div
   316 00000392 F20F100424                  movsd xmm0, [rsp]                                       ; 00000393
   317 00000397 4883C408                    add rsp, 0x8                                            ; 00000398
   318 0000039B F20F100C24                  movsd xmm1, [rsp]                                       ; 0000039c
   319 000003A0 4883C408                    add rsp, 0x8                                            ; 000003a1
   320 000003A4 F20F5EC1                    divsd xmm0, xmm1                                        ; 000003a5
   321 000003A8 4883EC08                    sub rsp, 0x8                                            ; 000003a9
   322 000003AC F20F110424                  movsd [rsp], xmm0                                       ; 000003ad
   323                                  
   324                                      ; out
   325 000003B1 4883EC08                    sub rsp, 0x8                                            ; 000003b2
   326 000003B5 48BF-                       mov rdi, fmt_string                                     ; 000003b6
   326 000003B7 [0000000000000000] 
   327 000003BF F20F100424                  movsd xmm0, [rsp]                                       ; 000003bf
   328 000003C4 4883C408                    add rsp, 0x8                                            ; 000003c4
   329 000003C8 48B8-                       mov rax, printf                                         ; 000003c8
   329 000003CA [0000000000000000] 
   330 000003D2 FFD0                        call rax                                                ; 000003d1
   331                                  
   332 000003D4 B83C000000                  mov rax, 0x3c
   333 000003D9 BA00000000                  mov rdx, 0x0
   334 000003DE 0F05                        syscall
   335                                  
   336                                  section .rodata
   337 00000000 256C67                  fmt_string db '%lg'
