     1                                  extern printf
     2                                  extern scanf
     3                                  
     4                                  global main
     5                                  
     6                                  section .text
     7                                  
     8                                  main:
     9                                      default abs
    10                                  
    11                                      ; in
    12 00000000 48B801000000000000-         mov rax, strict qword 0x1                               ; 00000000
    12 00000009 00                 
    13 0000000A 4883EC08                    sub rsp, 0x8                                            ; 0000000a
    14 0000000E 48BF-                       mov rdi, fmt_string                                     ; 0000000e
    14 00000010 [0000000000000000] 
    15 00000018 4889E6                      mov rsi, rsp                                            ; 00000018
    16 0000001B 48BB-                       mov rbx, scanf                                          ; 0000001b
    16 0000001D [0000000000000000] 
    17 00000025 4883EC08                    sub rsp, 0x8                                            ; 00000025
    18 00000029 F20F111C24                  movsd [rsp], xmm3                                       ; 00000029
    19 0000002E 4883EC08                    sub rsp, 0x8                                            ; 0000002e
    20 00000032 FFD3                        call rbx                                                ; 00000032
    21 00000034 4883C408                    add rsp, 0x8                                            ; 00000034
    22 00000038 F20F101C24                  movsd xmm3, [rsp]                                       ; 00000038
    23 0000003D 4883C408                    add rsp, 0x8                                            ; 0000003d
    24                                  
    25                                      ; pop rax
    26 00000041 F20F101424                  movsd xmm2, [rsp]                                       ; 00000041
    27 00000046 4883C408                    add rsp, 0x8                                            ; 00000046
    28                                  
    29                                      ; in
    30 0000004A 48B801000000000000-         mov rax, strict qword 0x1                               ; 0000004a
    30 00000053 00                 
    31 00000054 4883EC08                    sub rsp, 0x8                                            ; 00000054
    32 00000058 48BF-                       mov rdi, fmt_string                                     ; 00000058
    32 0000005A [0000000000000000] 
    33 00000062 4889E6                      mov rsi, rsp                                            ; 00000062
    34 00000065 48BB-                       mov rbx, scanf                                          ; 00000065
    34 00000067 [0000000000000000] 
    35 0000006F 4883EC08                    sub rsp, 0x8                                            ; 0000006f
    36 00000073 F20F111C24                  movsd [rsp], xmm3                                       ; 00000073
    37 00000078 4883EC08                    sub rsp, 0x8                                            ; 00000078
    38 0000007C FFD3                        call rbx                                                ; 0000007c
    39 0000007E 4883C408                    add rsp, 0x8                                            ; 0000007e
    40 00000082 F20F101C24                  movsd xmm3, [rsp]                                       ; 00000082
    41 00000087 4883C408                    add rsp, 0x8                                            ; 00000087
    42                                  
    43                                      ; pop rbx
    44 0000008B F20F101C24                  movsd xmm3, [rsp]                                       ; 0000008b
    45 00000090 4883C408                    add rsp, 0x8                                            ; 00000090
    46                                  
    47                                      ; in
    48 00000094 48B801000000000000-         mov rax, strict qword 0x1                               ; 00000094
    48 0000009D 00                 
    49 0000009E 4883EC08                    sub rsp, 0x8                                            ; 0000009e
    50 000000A2 48BF-                       mov rdi, fmt_string                                     ; 000000a2
    50 000000A4 [0000000000000000] 
    51 000000AC 4889E6                      mov rsi, rsp                                            ; 000000ac
    52 000000AF 48BB-                       mov rbx, scanf                                          ; 000000af
    52 000000B1 [0000000000000000] 
    53 000000B9 4883EC08                    sub rsp, 0x8                                            ; 000000b9
    54 000000BD F20F111C24                  movsd [rsp], xmm3                                       ; 000000bd
    55 000000C2 4883EC08                    sub rsp, 0x8                                            ; 000000c2
    56 000000C6 FFD3                        call rbx                                                ; 000000c6
    57 000000C8 4883C408                    add rsp, 0x8                                            ; 000000c8
    58 000000CC F20F101C24                  movsd xmm3, [rsp]                                       ; 000000cc
    59 000000D1 4883C408                    add rsp, 0x8                                            ; 000000d1
    60                                  
    61                                      ; pop rcx
    62 000000D5 F20F102424                  movsd xmm4, [rsp]                                       ; 000000d5
    63 000000DA 4883C408                    add rsp, 0x8                                            ; 000000da
    64                                  
    65                                      ; push rax
    66 000000DE 4883EC08                    sub rsp, 0x8                                            ; 000000de
    67 000000E2 F20F111424                  movsd [rsp], xmm2                                       ; 000000e2
    68                                  
    69                                      ; push 0
    70 000000E7 48BB00000000000000-         mov rbx, strict qword 0x0                               ; 000000e7
    70 000000F0 00                 
    71 000000F1 53                          push rbx                                                ; 000000f1
    72                                  
    73                                      ; je 118
    74 000000F2 F20F100424                  movsd xmm0, [rsp]                                       ; 000000f2
    75 000000F7 4883C408                    add rsp, 0x8                                            ; 000000f7
    76 000000FB F20F100C24                  movsd xmm1, [rsp]                                       ; 000000fb
    77 00000100 4883C408                    add rsp, 0x8                                            ; 00000100
    78 00000104 660F2FC1                    comisd xmm0, xmm1                                       ; 00000104
    79 00000108 0F84(0D020000)              je 0x20d                                                ; 00000108
    80                                  
    81                                      ; call 163
    82 0000010E E8(DC020000)                call 0x2dc                                              ; 0000010e
    83                                  
    84                                      ; push rdx
    85 00000113 4883EC08                    sub rsp, 0x8                                            ; 00000113
    86 00000117 F20F112C24                  movsd [rsp], xmm5                                       ; 00000117
    87                                  
    88                                      ; push 0
    89 0000011C 48BB00000000000000-         mov rbx, strict qword 0x0                               ; 0000011c
    89 00000125 00                 
    90 00000126 53                          push rbx                                                ; 00000126
    91                                  
    92                                      ; ja 187
    93 00000127 F20F100424                  movsd xmm0, [rsp]                                       ; 00000127
    94 0000012C 4883C408                    add rsp, 0x8                                            ; 0000012c
    95 00000130 F20F100C24                  movsd xmm1, [rsp]                                       ; 00000130
    96 00000135 4883C408                    add rsp, 0x8                                            ; 00000135
    97 00000139 660F2FC1                    comisd xmm0, xmm1                                       ; 00000139
    98 0000013D 0F87(60030000)              ja 0x360                                                ; 0000013d
    99                                  
   100                                      ; push rdx
   101 00000143 4883EC08                    sub rsp, 0x8                                            ; 00000143
   102 00000147 F20F112C24                  movsd [rsp], xmm5                                       ; 00000147
   103                                  
   104                                      ; sqrt
   105 0000014C F20F100C24                  movsd xmm1, [rsp]                                       ; 0000014c
   106 00000151 F20F51C1                    sqrtsd xmm0, xmm1                                       ; 00000151
   107 00000155 F20F110424                  movsd [rsp], xmm0                                       ; 00000155
   108                                  
   109                                      ; pop rdx
   110 0000015A F20F102C24                  movsd xmm5, [rsp]                                       ; 0000015a
   111 0000015F 4883C408                    add rsp, 0x8                                            ; 0000015f
   112                                  
   113                                      ; push rdx
   114 00000163 4883EC08                    sub rsp, 0x8                                            ; 00000163
   115 00000167 F20F112C24                  movsd [rsp], xmm5                                       ; 00000167
   116                                  
   117                                      ; push rbx
   118 0000016C 4883EC08                    sub rsp, 0x8                                            ; 0000016c
   119 00000170 F20F111C24                  movsd [rsp], xmm3                                       ; 00000170
   120                                  
   121                                      ; push -1
   122 00000175 48BB000000000000F0-         mov rbx, strict qword 0xbff0000000000000                ; 00000175
   122 0000017E BF                 
   123 0000017F 53                          push rbx                                                ; 0000017f
   124                                  
   125                                      ; mul
   126 00000180 F20F100424                  movsd xmm0, [rsp]                                       ; 00000180
   127 00000185 4883C408                    add rsp, 0x8                                            ; 00000185
   128 00000189 F20F100C24                  movsd xmm1, [rsp]                                       ; 00000189
   129 0000018E 4883C408                    add rsp, 0x8                                            ; 0000018e
   130 00000192 F20F59C8                    mulsd xmm1, xmm0                                        ; 00000192
   131 00000196 4883EC08                    sub rsp, 0x8                                            ; 00000196
   132 0000019A F20F110C24                  movsd [rsp], xmm1                                       ; 0000019a
   133                                  
   134                                      ; pop rcx
   135 0000019F F20F102424                  movsd xmm4, [rsp]                                       ; 0000019f
   136 000001A4 4883C408                    add rsp, 0x8                                            ; 000001a4
   137                                  
   138                                      ; push rcx
   139 000001A8 4883EC08                    sub rsp, 0x8                                            ; 000001a8
   140 000001AC F20F112424                  movsd [rsp], xmm4                                       ; 000001ac
   141                                  
   142                                      ; add
   143 000001B1 F20F100424                  movsd xmm0, [rsp]                                       ; 000001b1
   144 000001B6 4883C408                    add rsp, 0x8                                            ; 000001b6
   145 000001BA F20F100C24                  movsd xmm1, [rsp]                                       ; 000001ba
   146 000001BF 4883C408                    add rsp, 0x8                                            ; 000001bf
   147 000001C3 F20F58C8                    addsd xmm1, xmm0                                        ; 000001c3
   148 000001C7 4883EC08                    sub rsp, 0x8                                            ; 000001c7
   149 000001CB F20F110C24                  movsd [rsp], xmm1                                       ; 000001cb
   150                                  
   151                                      ; push 2
   152 000001D0 48BB00000000000000-         mov rbx, strict qword 0x4000000000000000                ; 000001d0
   152 000001D9 40                 
   153 000001DA 53                          push rbx                                                ; 000001da
   154                                  
   155                                      ; push rax
   156 000001DB 4883EC08                    sub rsp, 0x8                                            ; 000001db
   157 000001DF F20F111424                  movsd [rsp], xmm2                                       ; 000001df
   158                                  
   159                                      ; mul
   160 000001E4 F20F100424                  movsd xmm0, [rsp]                                       ; 000001e4
   161 000001E9 4883C408                    add rsp, 0x8                                            ; 000001e9
   162 000001ED F20F100C24                  movsd xmm1, [rsp]                                       ; 000001ed
   163 000001F2 4883C408                    add rsp, 0x8                                            ; 000001f2
   164 000001F6 F20F59C8                    mulsd xmm1, xmm0                                        ; 000001f6
   165 000001FA 4883EC08                    sub rsp, 0x8                                            ; 000001fa
   166 000001FE F20F110C24                  movsd [rsp], xmm1                                       ; 000001fe
   167                                  
   168                                      ; pop rax
   169 00000203 F20F101424                  movsd xmm2, [rsp]                                       ; 00000203
   170 00000208 4883C408                    add rsp, 0x8                                            ; 00000208
   171                                  
   172                                      ; push rax
   173 0000020C 4883EC08                    sub rsp, 0x8                                            ; 0000020c
   174 00000210 F20F111424                  movsd [rsp], xmm2                                       ; 00000210
   175                                  
   176                                      ; div
   177 00000215 F20F100424                  movsd xmm0, [rsp]                                       ; 00000215
   178 0000021A 4883C408                    add rsp, 0x8                                            ; 0000021a
   179 0000021E F20F100C24                  movsd xmm1, [rsp]                                       ; 0000021e
   180 00000223 4883C408                    add rsp, 0x8                                            ; 00000223
   181 00000227 F20F5EC8                    divsd xmm1, xmm0                                        ; 00000227
   182 0000022B 4883EC08                    sub rsp, 0x8                                            ; 0000022b
   183 0000022F F20F110C24                  movsd [rsp], xmm1                                       ; 0000022f
   184                                  
   185                                      ; out
   186 00000234 48B801000000000000-         mov rax, strict qword 0x1                               ; 00000234
   186 0000023D 00                 
   187 0000023E 48BF-                       mov rdi, fmt_string                                     ; 0000023e
   187 00000240 [0000000000000000] 
   188 00000248 F20F100424                  movsd xmm0, [rsp]                                       ; 00000248
   189 0000024D 48BB-                       mov rbx, printf                                         ; 0000024d
   189 0000024F [0000000000000000] 
   190 00000257 4883EC08                    sub rsp, 0x8                                            ; 00000257
   191 0000025B F20F111424                  movsd [rsp], xmm2                                       ; 0000025b
   192 00000260 4883EC08                    sub rsp, 0x8                                            ; 00000260
   193 00000264 FFD3                        call rbx                                                ; 00000264
   194 00000266 4883C408                    add rsp, 0x8                                            ; 00000266
   195 0000026A F20F101424                  movsd xmm2, [rsp]                                       ; 0000026a
   196 0000026F 4883C408                    add rsp, 0x8                                            ; 0000026f
   197 00000273 4883C408                    add rsp, 0x8                                            ; 00000273
   198                                  
   199                                      ; push rcx
   200 00000277 4883EC08                    sub rsp, 0x8                                            ; 00000277
   201 0000027B F20F112424                  movsd [rsp], xmm4                                       ; 0000027b
   202                                  
   203                                      ; push rdx
   204 00000280 4883EC08                    sub rsp, 0x8                                            ; 00000280
   205 00000284 F20F112C24                  movsd [rsp], xmm5                                       ; 00000284
   206                                  
   207                                      ; sub
   208 00000289 F20F100424                  movsd xmm0, [rsp]                                       ; 00000289
   209 0000028E 4883C408                    add rsp, 0x8                                            ; 0000028e
   210 00000292 F20F100C24                  movsd xmm1, [rsp]                                       ; 00000292
   211 00000297 4883C408                    add rsp, 0x8                                            ; 00000297
   212 0000029B F20F5CC8                    subsd xmm1, xmm0                                        ; 0000029b
   213 0000029F 4883EC08                    sub rsp, 0x8                                            ; 0000029f
   214 000002A3 F20F110C24                  movsd [rsp], xmm1                                       ; 000002a3
   215                                  
   216                                      ; push rax
   217 000002A8 4883EC08                    sub rsp, 0x8                                            ; 000002a8
   218 000002AC F20F111424                  movsd [rsp], xmm2                                       ; 000002ac
   219                                  
   220                                      ; div
   221 000002B1 F20F100424                  movsd xmm0, [rsp]                                       ; 000002b1
   222 000002B6 4883C408                    add rsp, 0x8                                            ; 000002b6
   223 000002BA F20F100C24                  movsd xmm1, [rsp]                                       ; 000002ba
   224 000002BF 4883C408                    add rsp, 0x8                                            ; 000002bf
   225 000002C3 F20F5EC8                    divsd xmm1, xmm0                                        ; 000002c3
   226 000002C7 4883EC08                    sub rsp, 0x8                                            ; 000002c7
   227 000002CB F20F110C24                  movsd [rsp], xmm1                                       ; 000002cb
   228                                  
   229                                      ; out
   230 000002D0 48B801000000000000-         mov rax, strict qword 0x1                               ; 000002d0
   230 000002D9 00                 
   231 000002DA 48BF-                       mov rdi, fmt_string                                     ; 000002da
   231 000002DC [0000000000000000] 
   232 000002E4 F20F100424                  movsd xmm0, [rsp]                                       ; 000002e4
   233 000002E9 48BB-                       mov rbx, printf                                         ; 000002e9
   233 000002EB [0000000000000000] 
   234 000002F3 4883EC08                    sub rsp, 0x8                                            ; 000002f3
   235 000002F7 F20F111424                  movsd [rsp], xmm2                                       ; 000002f7
   236 000002FC 4883EC08                    sub rsp, 0x8                                            ; 000002fc
   237 00000300 FFD3                        call rbx                                                ; 00000300
   238 00000302 4883C408                    add rsp, 0x8                                            ; 00000302
   239 00000306 F20F101424                  movsd xmm2, [rsp]                                       ; 00000306
   240 0000030B 4883C408                    add rsp, 0x8                                            ; 0000030b
   241 0000030F 4883C408                    add rsp, 0x8                                            ; 0000030f
   242                                  
   243                                      ; jmp 187
   244 00000313 E9(8A010000)                jmp 0x18a                                               ; 00000313
   245                                  
   246                                      ; push rbx
   247 00000318 4883EC08                    sub rsp, 0x8                                            ; 00000318
   248 0000031C F20F111C24                  movsd [rsp], xmm3                                       ; 0000031c
   249                                  
   250                                      ; push 0
   251 00000321 48BB00000000000000-         mov rbx, strict qword 0x0                               ; 00000321
   251 0000032A 00                 
   252 0000032B 53                          push rbx                                                ; 0000032b
   253                                  
   254                                      ; je 187
   255 0000032C F20F100424                  movsd xmm0, [rsp]                                       ; 0000032c
   256 00000331 4883C408                    add rsp, 0x8                                            ; 00000331
   257 00000335 F20F100C24                  movsd xmm1, [rsp]                                       ; 00000335
   258 0000033A 4883C408                    add rsp, 0x8                                            ; 0000033a
   259 0000033E 660F2FC1                    comisd xmm0, xmm1                                       ; 0000033e
   260 00000342 0F84(5B010000)              je 0x15b                                                ; 00000342
   261                                  
   262                                      ; push 0
   263 00000348 48BB00000000000000-         mov rbx, strict qword 0x0                               ; 00000348
   263 00000351 00                 
   264 00000352 53                          push rbx                                                ; 00000352
   265                                  
   266                                      ; push rcx
   267 00000353 4883EC08                    sub rsp, 0x8                                            ; 00000353
   268 00000357 F20F112424                  movsd [rsp], xmm4                                       ; 00000357
   269                                  
   270                                      ; sub
   271 0000035C F20F100424                  movsd xmm0, [rsp]                                       ; 0000035c
   272 00000361 4883C408                    add rsp, 0x8                                            ; 00000361
   273 00000365 F20F100C24                  movsd xmm1, [rsp]                                       ; 00000365
   274 0000036A 4883C408                    add rsp, 0x8                                            ; 0000036a
   275 0000036E F20F5CC8                    subsd xmm1, xmm0                                        ; 0000036e
   276 00000372 4883EC08                    sub rsp, 0x8                                            ; 00000372
   277 00000376 F20F110C24                  movsd [rsp], xmm1                                       ; 00000376
   278                                  
   279                                      ; push rbx
   280 0000037B 4883EC08                    sub rsp, 0x8                                            ; 0000037b
   281 0000037F F20F111C24                  movsd [rsp], xmm3                                       ; 0000037f
   282                                  
   283                                      ; div
   284 00000384 F20F100424                  movsd xmm0, [rsp]                                       ; 00000384
   285 00000389 4883C408                    add rsp, 0x8                                            ; 00000389
   286 0000038D F20F100C24                  movsd xmm1, [rsp]                                       ; 0000038d
   287 00000392 4883C408                    add rsp, 0x8                                            ; 00000392
   288 00000396 F20F5EC8                    divsd xmm1, xmm0                                        ; 00000396
   289 0000039A 4883EC08                    sub rsp, 0x8                                            ; 0000039a
   290 0000039E F20F110C24                  movsd [rsp], xmm1                                       ; 0000039e
   291                                  
   292                                      ; out
   293 000003A3 48B801000000000000-         mov rax, strict qword 0x1                               ; 000003a3
   293 000003AC 00                 
   294 000003AD 48BF-                       mov rdi, fmt_string                                     ; 000003ad
   294 000003AF [0000000000000000] 
   295 000003B7 F20F100424                  movsd xmm0, [rsp]                                       ; 000003b7
   296 000003BC 48BB-                       mov rbx, printf                                         ; 000003bc
   296 000003BE [0000000000000000] 
   297 000003C6 4883EC08                    sub rsp, 0x8                                            ; 000003c6
   298 000003CA F20F111424                  movsd [rsp], xmm2                                       ; 000003ca
   299 000003CF 4883EC08                    sub rsp, 0x8                                            ; 000003cf
   300 000003D3 FFD3                        call rbx                                                ; 000003d3
   301 000003D5 4883C408                    add rsp, 0x8                                            ; 000003d5
   302 000003D9 F20F101424                  movsd xmm2, [rsp]                                       ; 000003d9
   303 000003DE 4883C408                    add rsp, 0x8                                            ; 000003de
   304 000003E2 4883C408                    add rsp, 0x8                                            ; 000003e2
   305                                  
   306                                      ; jmp 187
   307 000003E6 E9(B7000000)                jmp 0xb7                                                ; 000003e6
   308                                  
   309                                      ; push rbx
   310 000003EB 4883EC08                    sub rsp, 0x8                                            ; 000003eb
   311 000003EF F20F111C24                  movsd [rsp], xmm3                                       ; 000003ef
   312                                  
   313                                      ; push rbx
   314 000003F4 4883EC08                    sub rsp, 0x8                                            ; 000003f4
   315 000003F8 F20F111C24                  movsd [rsp], xmm3                                       ; 000003f8
   316                                  
   317                                      ; mul
   318 000003FD F20F100424                  movsd xmm0, [rsp]                                       ; 000003fd
   319 00000402 4883C408                    add rsp, 0x8                                            ; 00000402
   320 00000406 F20F100C24                  movsd xmm1, [rsp]                                       ; 00000406
   321 0000040B 4883C408                    add rsp, 0x8                                            ; 0000040b
   322 0000040F F20F59C8                    mulsd xmm1, xmm0                                        ; 0000040f
   323 00000413 4883EC08                    sub rsp, 0x8                                            ; 00000413
   324 00000417 F20F110C24                  movsd [rsp], xmm1                                       ; 00000417
   325                                  
   326                                      ; push rax
   327 0000041C 4883EC08                    sub rsp, 0x8                                            ; 0000041c
   328 00000420 F20F111424                  movsd [rsp], xmm2                                       ; 00000420
   329                                  
   330                                      ; push rcx
   331 00000425 4883EC08                    sub rsp, 0x8                                            ; 00000425
   332 00000429 F20F112424                  movsd [rsp], xmm4                                       ; 00000429
   333                                  
   334                                      ; mul
   335 0000042E F20F100424                  movsd xmm0, [rsp]                                       ; 0000042e
   336 00000433 4883C408                    add rsp, 0x8                                            ; 00000433
   337 00000437 F20F100C24                  movsd xmm1, [rsp]                                       ; 00000437
   338 0000043C 4883C408                    add rsp, 0x8                                            ; 0000043c
   339 00000440 F20F59C8                    mulsd xmm1, xmm0                                        ; 00000440
   340 00000444 4883EC08                    sub rsp, 0x8                                            ; 00000444
   341 00000448 F20F110C24                  movsd [rsp], xmm1                                       ; 00000448
   342                                  
   343                                      ; push 4
   344 0000044D 48BB00000000000010-         mov rbx, strict qword 0x4010000000000000                ; 0000044d
   344 00000456 40                 
   345 00000457 53                          push rbx                                                ; 00000457
   346                                  
   347                                      ; mul
   348 00000458 F20F100424                  movsd xmm0, [rsp]                                       ; 00000458
   349 0000045D 4883C408                    add rsp, 0x8                                            ; 0000045d
   350 00000461 F20F100C24                  movsd xmm1, [rsp]                                       ; 00000461
   351 00000466 4883C408                    add rsp, 0x8                                            ; 00000466
   352 0000046A F20F59C8                    mulsd xmm1, xmm0                                        ; 0000046a
   353 0000046E 4883EC08                    sub rsp, 0x8                                            ; 0000046e
   354 00000472 F20F110C24                  movsd [rsp], xmm1                                       ; 00000472
   355                                  
   356                                      ; sub
   357 00000477 F20F100424                  movsd xmm0, [rsp]                                       ; 00000477
   358 0000047C 4883C408                    add rsp, 0x8                                            ; 0000047c
   359 00000480 F20F100C24                  movsd xmm1, [rsp]                                       ; 00000480
   360 00000485 4883C408                    add rsp, 0x8                                            ; 00000485
   361 00000489 F20F5CC8                    subsd xmm1, xmm0                                        ; 00000489
   362 0000048D 4883EC08                    sub rsp, 0x8                                            ; 0000048d
   363 00000491 F20F110C24                  movsd [rsp], xmm1                                       ; 00000491
   364                                  
   365                                      ; pop rdx
   366 00000496 F20F102C24                  movsd xmm5, [rsp]                                       ; 00000496
   367 0000049B 4883C408                    add rsp, 0x8                                            ; 0000049b
   368                                  
   369                                      ; ret
   370 0000049F C3                          ret                                                     ; 0000049f
   371                                  
   372                                      ; hlt
   373 000004A0 48B800000000000000-         mov rax, strict qword 0x0                               ; 000004a0
   373 000004A9 00                 
   374 000004AA C3                          ret                                                     ; 000004aa
   375                                  
   376                                  section .rodata
   377 00000000 256C67                  fmt_string db '%lg'
